// Jest Snapshot v1, https://goo.gl/fbAQLP

exports[`Keyboard renders correctly 1`] = `
<div
  className="flex-1 flex flex-col items-center py-5 mx-auto justify-end"
>
  <div
    className="flex flex-col space-y-2 items-center"
  >
    <div
      className="row-1 flex space-x-2 w-full items-center justify-center"
      key="0"
    >
      <Key
        key="0-key-0"
        letter="Q"
        onClick={[MockFunction]}
      />
      <Key
        key="0-key-1"
        letter="W"
        onClick={[MockFunction]}
      />
      <Key
        key="0-key-2"
        letter="E"
        onClick={[MockFunction]}
      />
      <Key
        key="0-key-3"
        letter="R"
        onClick={[MockFunction]}
      />
      <Key
        key="0-key-4"
        letter="T"
        onClick={[MockFunction]}
      />
      <Key
        key="0-key-5"
        letter="Y"
        onClick={[MockFunction]}
      />
      <Key
        key="0-key-6"
        letter="U"
        onClick={[MockFunction]}
      />
      <Key
        key="0-key-7"
        letter="I"
        onClick={[MockFunction]}
      />
      <Key
        key="0-key-8"
        letter="O"
        onClick={[MockFunction]}
      />
      <Key
        key="0-key-9"
        letter="P"
        onClick={[MockFunction]}
      />
    </div>
    <div
      className="row-2 flex space-x-2 w-full items-center justify-center"
      key="1"
    >
      <Key
        key="1-key-0"
        letter="A"
        onClick={[MockFunction]}
      />
      <Key
        key="1-key-1"
        letter="S"
        onClick={[MockFunction]}
      />
      <Key
        key="1-key-2"
        letter="D"
        onClick={[MockFunction]}
      />
      <Key
        key="1-key-3"
        letter="F"
        onClick={[MockFunction]}
      />
      <Key
        key="1-key-4"
        letter="G"
        onClick={[MockFunction]}
      />
      <Key
        key="1-key-5"
        letter="H"
        onClick={[MockFunction]}
      />
      <Key
        key="1-key-6"
        letter="J"
        onClick={[MockFunction]}
      />
      <Key
        key="1-key-7"
        letter="K"
        onClick={[MockFunction]}
      />
      <Key
        key="1-key-8"
        letter="L"
        onClick={[MockFunction]}
      />
    </div>
    <div
      className="row-3 flex space-x-2 w-full items-center justify-center"
      key="2"
    >
      <Key
        key="2-key-0"
        letter="Z"
        onClick={[MockFunction]}
      />
      <Key
        key="2-key-1"
        letter="X"
        onClick={[MockFunction]}
      />
      <Key
        key="2-key-2"
        letter="C"
        onClick={[MockFunction]}
      />
      <Key
        key="2-key-3"
        letter="V"
        onClick={[MockFunction]}
      />
      <Key
        key="2-key-4"
        letter="B"
        onClick={[MockFunction]}
      />
      <Key
        key="2-key-5"
        letter="N"
        onClick={[MockFunction]}
      />
      <Key
        key="2-key-6"
        letter="M"
        onClick={[MockFunction]}
      />
      <Key
        key="2-key-7"
        letter="Backspace"
        onClick={[MockFunction]}
      />
      <Key
        key="2-key-8"
        letter="Enter"
        onClick={[MockFunction]}
      />
    </div>
  </div>
</div>
`;
